
> react-kavia@0.1.0 start
> react-scripts start

Attempting to bind to HOST environment variable: 0.0.0.0
If this was unintentional, check that you haven't mistakenly set it in your shell.
Learn more here: https://cra.link/advanced-config

(node:7352) [DEP_WEBPACK_DEV_SERVER_ON_AFTER_SETUP_MIDDLEWARE] DeprecationWarning: 'onAfterSetupMiddleware' option is deprecated. Please use the 'setupMiddlewares' option.
(Use `node --trace-deprecation ...` to show where the warning was created)
(node:7352) [DEP_WEBPACK_DEV_SERVER_ON_BEFORE_SETUP_MIDDLEWARE] DeprecationWarning: 'onBeforeSetupMiddleware' option is deprecated. Please use the 'setupMiddlewares' option.
Starting the development server...

Compiled successfully!

You can now view react-kavia in the browser.

  Local:            http://localhost:3000
  On Your Network:  http://172.17.0.2:3000

Note that the development build is not optimized.
To create a production build, use npm run build.

webpack compiled successfully
Compiling...
Failed to compile.

Module not found: Error: Can't resolve '@supabase/supabase-js' in '/home/kavia/workspace/code-generation/tictactoe-arena-96162-ddb6f0a2/tic_tac_toe_frontend/src'
ERROR in ./src/supabaseClient.js 3:0-53
Module not found: Error: Can't resolve '@supabase/supabase-js' in '/home/kavia/workspace/code-generation/tictactoe-arena-96162-ddb6f0a2/tic_tac_toe_frontend/src'

ERROR in [eslint] 
src/api.js
  Line 21:1:  Import in body of module; reorder to top  import/first

Search for the keywords to learn more about each error.

webpack compiled with 2 errors
Compiling...
Failed to compile.

Module not found: Error: Can't resolve '@supabase/supabase-js' in '/home/kavia/workspace/code-generation/tictactoe-arena-96162-ddb6f0a2/tic_tac_toe_frontend/src'
ERROR in ./src/supabaseClient.js 3:0-53
Module not found: Error: Can't resolve '@supabase/supabase-js' in '/home/kavia/workspace/code-generation/tictactoe-arena-96162-ddb6f0a2/tic_tac_toe_frontend/src'

ERROR in [eslint] 
src/api.js
  Line 21:1:  Import in body of module; reorder to top  import/first

Search for the keywords to learn more about each error.

webpack compiled with 2 errors
Compiling...
Failed to compile.

Module not found: Error: Can't resolve '@supabase/supabase-js' in '/home/kavia/workspace/code-generation/tictactoe-arena-96162-ddb6f0a2/tic_tac_toe_frontend/src'
LOG from webpack.FileSystemInfo
<w> Managed item /home/kavia/workspace/code-generation/tictactoe-arena-96162-ddb6f0a2/tic_tac_toe_frontend/node_modules/@supabase/supabase-js isn't a directory or doesn't contain a package.json (see snapshot.managedPaths option)
+ 13 hidden lines

ERROR in ./src/supabaseClient.js 3:0-53
Module not found: Error: Can't resolve '@supabase/supabase-js' in '/home/kavia/workspace/code-generation/tictactoe-arena-96162-ddb6f0a2/tic_tac_toe_frontend/src'

ERROR in [eslint] 
src/api.js
  Line 21:1:  Import in body of module; reorder to top  import/first

Search for the keywords to learn more about each error.

webpack compiled with 2 errors
Compiling...
Failed to compile.

[eslint] 
src/api.js
  Line 21:1:  Import in body of module; reorder to top  import/first

Search for the keywords to learn more about each error.
ERROR in [eslint] 
src/api.js
  Line 21:1:  Import in body of module; reorder to top  import/first

Search for the keywords to learn more about each error.

webpack compiled with 1 error
Compiling...
Failed to compile.

[eslint] 
src/api.js
  Line 21:1:  Import in body of module; reorder to top  import/first

Search for the keywords to learn more about each error.
ERROR in [eslint] 
src/api.js
  Line 21:1:  Import in body of module; reorder to top  import/first

Search for the keywords to learn more about each error.

webpack compiled with 1 error
Compiling...
Compiled successfully!
webpack compiled successfully
